// Jest Snapshot v1, https://goo.gl/fbAQLP

exports[`renderizar o componente App deve renderizar sem erros 1`] = `
<RCTSafeAreaView
  style={
    {
      "flex": 1,
    }
  }
  testID="App"
>
  <RCTScrollView
    ListHeaderComponent={[Function]}
    data={
      [
        {
          "distance": 46,
          "img_producers": {
            "testUri": "../../../src/assets/produtores/jenny-jack.png",
          },
          "name": "Jenny Jack",
          "stars": 5,
        },
        {
          "distance": 108,
          "img_producers": {
            "testUri": "../../../src/assets/produtores/green.png",
          },
          "name": "Green",
          "stars": 3,
        },
        {
          "distance": 132,
          "img_producers": {
            "testUri": "../../../src/assets/produtores/grow.png",
          },
          "name": "Grow",
          "stars": 5,
        },
        {
          "distance": 287,
          "img_producers": {
            "testUri": "../../../src/assets/produtores/salad.png",
          },
          "name": "salad",
          "stars": 1,
        },
        {
          "distance": 409,
          "img_producers": {
            "testUri": "../../../src/assets/produtores/potager.png",
          },
          "name": "Potager",
          "stars": 5,
        },
      ]
    }
    getItem={[Function]}
    getItemCount={[Function]}
    keyExtractor={[Function]}
    onContentSizeChange={[Function]}
    onLayout={[Function]}
    onMomentumScrollBegin={[Function]}
    onMomentumScrollEnd={[Function]}
    onScroll={[Function]}
    onScrollBeginDrag={[Function]}
    onScrollEndDrag={[Function]}
    removeClippedSubviews={false}
    renderItem={[Function]}
    scrollEventThrottle={50}
    stickyHeaderIndices={[]}
    testID="Flat"
    viewabilityConfigCallbackPairs={[]}
  >
    <View>
      <View
        collapsable={false}
        onLayout={[Function]}
      >
        <View
          style={
            {
              "backgroundColor": "#F3F3F3",
              "padding": 16,
            }
          }
        >
          <Image
            source={
              {
                "testUri": "../../../src/assets/logo.png",
              }
            }
            style={
              {
                "height": 28,
                "width": 70,
              }
            }
          />
          <Text
            style={
              {
                "color": "#464646",
                "fontSize": 26,
                "fontWeight": "bold",
                "lineHeight": 42,
                "marginTop": 24,
              }
            }
          >
            Hello Customer
          </Text>
          <Text
            style={
              {
                "color": "#a3a3a3",
                "fontSize": 16,
                "lineHeight": 26,
              }
            }
          >
            Find the best producers
          </Text>
        </View>
        <Text
          style={
            {
              "color": "#464646",
              "fontSize": 20,
              "fontWeight": "bold",
              "lineHeight": 32,
              "marginHorizontal": 16,
              "marginTop": 16,
            }
          }
        >
          Producers
        </Text>
      </View>
      <View
        onFocusCapture={[Function]}
        onLayout={[Function]}
        style={null}
      >
        <View
          accessibilityState={
            {
              "busy": undefined,
              "checked": undefined,
              "disabled": undefined,
              "expanded": undefined,
              "selected": undefined,
            }
          }
          accessibilityValue={
            {
              "max": undefined,
              "min": undefined,
              "now": undefined,
              "text": undefined,
            }
          }
          accessible={true}
          collapsable={false}
          focusable={true}
          onClick={[Function]}
          onResponderGrant={[Function]}
          onResponderMove={[Function]}
          onResponderRelease={[Function]}
          onResponderTerminate={[Function]}
          onResponderTerminationRequest={[Function]}
          onStartShouldSetResponder={[Function]}
          style={
            {
              "backgroundColor": "#f6f6f6",
              "borderRadius": 6,
              "elevation": 4,
              "flexDirection": "row",
              "marginHorizontal": 16,
              "marginVertical": 8,
              "opacity": 1,
              "shadowColor": "#000",
              "shadowOffset": {
                "height": 2,
                "width": 0,
              },
              "shadowOpacity": 0.23,
              "shadowRadius": 2.62,
            }
          }
          testID="Card"
        >
          <Image
            accessibilityLabel="Jenny Jack"
            source={
              {
                "testUri": "../../../src/assets/produtores/jenny-jack.png",
              }
            }
            style={
              {
                "borderRadius": 6,
                "height": 48,
                "marginLeft": 16,
                "marginVertical": 16,
                "width": 48,
              }
            }
          />
          <View
            style={
              {
                "flex": 1,
                "flexDirection": "row",
                "justifyContent": "space-between",
                "marginLeft": 8,
                "marginRight": 16,
                "marginVertical": 16,
              }
            }
          >
            <View>
              <Text
                style={
                  {
                    "fontSize": 14,
                    "fontWeight": "bold",
                    "lineHeight": 22,
                  }
                }
              >
                Jenny Jack
              </Text>
              <View
                style={
                  {
                    "flexDirection": "row",
                  }
                }
              >
                <View
                  accessibilityHint="Star"
                  accessibilityState={
                    {
                      "busy": undefined,
                      "checked": undefined,
                      "disabled": false,
                      "expanded": undefined,
                      "selected": undefined,
                    }
                  }
                  accessibilityValue={
                    {
                      "max": undefined,
                      "min": undefined,
                      "now": undefined,
                      "text": undefined,
                    }
                  }
                  accessible={true}
                  collapsable={false}
                  focusable={true}
                  onClick={[Function]}
                  onResponderGrant={[Function]}
                  onResponderMove={[Function]}
                  onResponderRelease={[Function]}
                  onResponderTerminate={[Function]}
                  onResponderTerminationRequest={[Function]}
                  onStartShouldSetResponder={[Function]}
                  style={
                    {
                      "opacity": 1,
                    }
                  }
                  testID="star-0"
                >
                  <Image
                    source={
                      {
                        "testUri": "../../../src/assets/star.png",
                      }
                    }
                    style={
                      {
                        "height": 12,
                        "marginRight": 2,
                        "width": 12,
                      }
                    }
                  />
                </View>
                <View
                  accessibilityHint="Star"
                  accessibilityState={
                    {
                      "busy": undefined,
                      "checked": undefined,
                      "disabled": false,
                      "expanded": undefined,
                      "selected": undefined,
                    }
                  }
                  accessibilityValue={
                    {
                      "max": undefined,
                      "min": undefined,
                      "now": undefined,
                      "text": undefined,
                    }
                  }
                  accessible={true}
                  collapsable={false}
                  focusable={true}
                  onClick={[Function]}
                  onResponderGrant={[Function]}
                  onResponderMove={[Function]}
                  onResponderRelease={[Function]}
                  onResponderTerminate={[Function]}
                  onResponderTerminationRequest={[Function]}
                  onStartShouldSetResponder={[Function]}
                  style={
                    {
                      "opacity": 1,
                    }
                  }
                  testID="star-1"
                >
                  <Image
                    source={
                      {
                        "testUri": "../../../src/assets/star.png",
                      }
                    }
                    style={
                      {
                        "height": 12,
                        "marginRight": 2,
                        "width": 12,
                      }
                    }
                  />
                </View>
                <View
                  accessibilityHint="Star"
                  accessibilityState={
                    {
                      "busy": undefined,
                      "checked": undefined,
                      "disabled": false,
                      "expanded": undefined,
                      "selected": undefined,
                    }
                  }
                  accessibilityValue={
                    {
                      "max": undefined,
                      "min": undefined,
                      "now": undefined,
                      "text": undefined,
                    }
                  }
                  accessible={true}
                  collapsable={false}
                  focusable={true}
                  onClick={[Function]}
                  onResponderGrant={[Function]}
                  onResponderMove={[Function]}
                  onResponderRelease={[Function]}
                  onResponderTerminate={[Function]}
                  onResponderTerminationRequest={[Function]}
                  onStartShouldSetResponder={[Function]}
                  style={
                    {
                      "opacity": 1,
                    }
                  }
                  testID="star-2"
                >
                  <Image
                    source={
                      {
                        "testUri": "../../../src/assets/star.png",
                      }
                    }
                    style={
                      {
                        "height": 12,
                        "marginRight": 2,
                        "width": 12,
                      }
                    }
                  />
                </View>
                <View
                  accessibilityHint="Star"
                  accessibilityState={
                    {
                      "busy": undefined,
                      "checked": undefined,
                      "disabled": false,
                      "expanded": undefined,
                      "selected": undefined,
                    }
                  }
                  accessibilityValue={
                    {
                      "max": undefined,
                      "min": undefined,
                      "now": undefined,
                      "text": undefined,
                    }
                  }
                  accessible={true}
                  collapsable={false}
                  focusable={true}
                  onClick={[Function]}
                  onResponderGrant={[Function]}
                  onResponderMove={[Function]}
                  onResponderRelease={[Function]}
                  onResponderTerminate={[Function]}
                  onResponderTerminationRequest={[Function]}
                  onStartShouldSetResponder={[Function]}
                  style={
                    {
                      "opacity": 1,
                    }
                  }
                  testID="star-3"
                >
                  <Image
                    source={
                      {
                        "testUri": "../../../src/assets/star.png",
                      }
                    }
                    style={
                      {
                        "height": 12,
                        "marginRight": 2,
                        "width": 12,
                      }
                    }
                  />
                </View>
                <View
                  accessibilityHint="Star"
                  accessibilityState={
                    {
                      "busy": undefined,
                      "checked": undefined,
                      "disabled": false,
                      "expanded": undefined,
                      "selected": undefined,
                    }
                  }
                  accessibilityValue={
                    {
                      "max": undefined,
                      "min": undefined,
                      "now": undefined,
                      "text": undefined,
                    }
                  }
                  accessible={true}
                  collapsable={false}
                  focusable={true}
                  onClick={[Function]}
                  onResponderGrant={[Function]}
                  onResponderMove={[Function]}
                  onResponderRelease={[Function]}
                  onResponderTerminate={[Function]}
                  onResponderTerminationRequest={[Function]}
                  onStartShouldSetResponder={[Function]}
                  style={
                    {
                      "opacity": 1,
                    }
                  }
                  testID="star-4"
                >
                  <Image
                    source={
                      {
                        "testUri": "../../../src/assets/star.png",
                      }
                    }
                    style={
                      {
                        "height": 12,
                        "marginRight": 2,
                        "width": 12,
                      }
                    }
                  />
                </View>
              </View>
            </View>
            <Text
              style={
                {
                  "fontSize": 12,
                  "lineHeight": 19,
                }
              }
            >
              46m
            </Text>
          </View>
        </View>
      </View>
      <View
        onFocusCapture={[Function]}
        onLayout={[Function]}
        style={null}
      >
        <View
          accessibilityState={
            {
              "busy": undefined,
              "checked": undefined,
              "disabled": undefined,
              "expanded": undefined,
              "selected": undefined,
            }
          }
          accessibilityValue={
            {
              "max": undefined,
              "min": undefined,
              "now": undefined,
              "text": undefined,
            }
          }
          accessible={true}
          collapsable={false}
          focusable={true}
          onClick={[Function]}
          onResponderGrant={[Function]}
          onResponderMove={[Function]}
          onResponderRelease={[Function]}
          onResponderTerminate={[Function]}
          onResponderTerminationRequest={[Function]}
          onStartShouldSetResponder={[Function]}
          style={
            {
              "backgroundColor": "#f6f6f6",
              "borderRadius": 6,
              "elevation": 4,
              "flexDirection": "row",
              "marginHorizontal": 16,
              "marginVertical": 8,
              "opacity": 1,
              "shadowColor": "#000",
              "shadowOffset": {
                "height": 2,
                "width": 0,
              },
              "shadowOpacity": 0.23,
              "shadowRadius": 2.62,
            }
          }
          testID="Card"
        >
          <Image
            accessibilityLabel="Green"
            source={
              {
                "testUri": "../../../src/assets/produtores/green.png",
              }
            }
            style={
              {
                "borderRadius": 6,
                "height": 48,
                "marginLeft": 16,
                "marginVertical": 16,
                "width": 48,
              }
            }
          />
          <View
            style={
              {
                "flex": 1,
                "flexDirection": "row",
                "justifyContent": "space-between",
                "marginLeft": 8,
                "marginRight": 16,
                "marginVertical": 16,
              }
            }
          >
            <View>
              <Text
                style={
                  {
                    "fontSize": 14,
                    "fontWeight": "bold",
                    "lineHeight": 22,
                  }
                }
              >
                Green
              </Text>
              <View
                style={
                  {
                    "flexDirection": "row",
                  }
                }
              >
                <View
                  accessibilityHint="Star"
                  accessibilityState={
                    {
                      "busy": undefined,
                      "checked": undefined,
                      "disabled": false,
                      "expanded": undefined,
                      "selected": undefined,
                    }
                  }
                  accessibilityValue={
                    {
                      "max": undefined,
                      "min": undefined,
                      "now": undefined,
                      "text": undefined,
                    }
                  }
                  accessible={true}
                  collapsable={false}
                  focusable={true}
                  onClick={[Function]}
                  onResponderGrant={[Function]}
                  onResponderMove={[Function]}
                  onResponderRelease={[Function]}
                  onResponderTerminate={[Function]}
                  onResponderTerminationRequest={[Function]}
                  onStartShouldSetResponder={[Function]}
                  style={
                    {
                      "opacity": 1,
                    }
                  }
                  testID="star-0"
                >
                  <Image
                    source={
                      {
                        "testUri": "../../../src/assets/star.png",
                      }
                    }
                    style={
                      {
                        "height": 12,
                        "marginRight": 2,
                        "width": 12,
                      }
                    }
                  />
                </View>
                <View
                  accessibilityHint="Star"
                  accessibilityState={
                    {
                      "busy": undefined,
                      "checked": undefined,
                      "disabled": false,
                      "expanded": undefined,
                      "selected": undefined,
                    }
                  }
                  accessibilityValue={
                    {
                      "max": undefined,
                      "min": undefined,
                      "now": undefined,
                      "text": undefined,
                    }
                  }
                  accessible={true}
                  collapsable={false}
                  focusable={true}
                  onClick={[Function]}
                  onResponderGrant={[Function]}
                  onResponderMove={[Function]}
                  onResponderRelease={[Function]}
                  onResponderTerminate={[Function]}
                  onResponderTerminationRequest={[Function]}
                  onStartShouldSetResponder={[Function]}
                  style={
                    {
                      "opacity": 1,
                    }
                  }
                  testID="star-1"
                >
                  <Image
                    source={
                      {
                        "testUri": "../../../src/assets/star.png",
                      }
                    }
                    style={
                      {
                        "height": 12,
                        "marginRight": 2,
                        "width": 12,
                      }
                    }
                  />
                </View>
                <View
                  accessibilityHint="Star"
                  accessibilityState={
                    {
                      "busy": undefined,
                      "checked": undefined,
                      "disabled": false,
                      "expanded": undefined,
                      "selected": undefined,
                    }
                  }
                  accessibilityValue={
                    {
                      "max": undefined,
                      "min": undefined,
                      "now": undefined,
                      "text": undefined,
                    }
                  }
                  accessible={true}
                  collapsable={false}
                  focusable={true}
                  onClick={[Function]}
                  onResponderGrant={[Function]}
                  onResponderMove={[Function]}
                  onResponderRelease={[Function]}
                  onResponderTerminate={[Function]}
                  onResponderTerminationRequest={[Function]}
                  onStartShouldSetResponder={[Function]}
                  style={
                    {
                      "opacity": 1,
                    }
                  }
                  testID="star-2"
                >
                  <Image
                    source={
                      {
                        "testUri": "../../../src/assets/star.png",
                      }
                    }
                    style={
                      {
                        "height": 12,
                        "marginRight": 2,
                        "width": 12,
                      }
                    }
                  />
                </View>
                <View
                  accessibilityHint="Star"
                  accessibilityState={
                    {
                      "busy": undefined,
                      "checked": undefined,
                      "disabled": false,
                      "expanded": undefined,
                      "selected": undefined,
                    }
                  }
                  accessibilityValue={
                    {
                      "max": undefined,
                      "min": undefined,
                      "now": undefined,
                      "text": undefined,
                    }
                  }
                  accessible={true}
                  collapsable={false}
                  focusable={true}
                  onClick={[Function]}
                  onResponderGrant={[Function]}
                  onResponderMove={[Function]}
                  onResponderRelease={[Function]}
                  onResponderTerminate={[Function]}
                  onResponderTerminationRequest={[Function]}
                  onStartShouldSetResponder={[Function]}
                  style={
                    {
                      "opacity": 1,
                    }
                  }
                  testID="star-3"
                >
                  <Image
                    source={
                      {
                        "testUri": "../../../src/assets/starGrey.png",
                      }
                    }
                    style={
                      {
                        "height": 12,
                        "marginRight": 2,
                        "width": 12,
                      }
                    }
                  />
                </View>
                <View
                  accessibilityHint="Star"
                  accessibilityState={
                    {
                      "busy": undefined,
                      "checked": undefined,
                      "disabled": false,
                      "expanded": undefined,
                      "selected": undefined,
                    }
                  }
                  accessibilityValue={
                    {
                      "max": undefined,
                      "min": undefined,
                      "now": undefined,
                      "text": undefined,
                    }
                  }
                  accessible={true}
                  collapsable={false}
                  focusable={true}
                  onClick={[Function]}
                  onResponderGrant={[Function]}
                  onResponderMove={[Function]}
                  onResponderRelease={[Function]}
                  onResponderTerminate={[Function]}
                  onResponderTerminationRequest={[Function]}
                  onStartShouldSetResponder={[Function]}
                  style={
                    {
                      "opacity": 1,
                    }
                  }
                  testID="star-4"
                >
                  <Image
                    source={
                      {
                        "testUri": "../../../src/assets/starGrey.png",
                      }
                    }
                    style={
                      {
                        "height": 12,
                        "marginRight": 2,
                        "width": 12,
                      }
                    }
                  />
                </View>
              </View>
            </View>
            <Text
              style={
                {
                  "fontSize": 12,
                  "lineHeight": 19,
                }
              }
            >
              108m
            </Text>
          </View>
        </View>
      </View>
      <View
        onFocusCapture={[Function]}
        onLayout={[Function]}
        style={null}
      >
        <View
          accessibilityState={
            {
              "busy": undefined,
              "checked": undefined,
              "disabled": undefined,
              "expanded": undefined,
              "selected": undefined,
            }
          }
          accessibilityValue={
            {
              "max": undefined,
              "min": undefined,
              "now": undefined,
              "text": undefined,
            }
          }
          accessible={true}
          collapsable={false}
          focusable={true}
          onClick={[Function]}
          onResponderGrant={[Function]}
          onResponderMove={[Function]}
          onResponderRelease={[Function]}
          onResponderTerminate={[Function]}
          onResponderTerminationRequest={[Function]}
          onStartShouldSetResponder={[Function]}
          style={
            {
              "backgroundColor": "#f6f6f6",
              "borderRadius": 6,
              "elevation": 4,
              "flexDirection": "row",
              "marginHorizontal": 16,
              "marginVertical": 8,
              "opacity": 1,
              "shadowColor": "#000",
              "shadowOffset": {
                "height": 2,
                "width": 0,
              },
              "shadowOpacity": 0.23,
              "shadowRadius": 2.62,
            }
          }
          testID="Card"
        >
          <Image
            accessibilityLabel="Grow"
            source={
              {
                "testUri": "../../../src/assets/produtores/grow.png",
              }
            }
            style={
              {
                "borderRadius": 6,
                "height": 48,
                "marginLeft": 16,
                "marginVertical": 16,
                "width": 48,
              }
            }
          />
          <View
            style={
              {
                "flex": 1,
                "flexDirection": "row",
                "justifyContent": "space-between",
                "marginLeft": 8,
                "marginRight": 16,
                "marginVertical": 16,
              }
            }
          >
            <View>
              <Text
                style={
                  {
                    "fontSize": 14,
                    "fontWeight": "bold",
                    "lineHeight": 22,
                  }
                }
              >
                Grow
              </Text>
              <View
                style={
                  {
                    "flexDirection": "row",
                  }
                }
              >
                <View
                  accessibilityHint="Star"
                  accessibilityState={
                    {
                      "busy": undefined,
                      "checked": undefined,
                      "disabled": false,
                      "expanded": undefined,
                      "selected": undefined,
                    }
                  }
                  accessibilityValue={
                    {
                      "max": undefined,
                      "min": undefined,
                      "now": undefined,
                      "text": undefined,
                    }
                  }
                  accessible={true}
                  collapsable={false}
                  focusable={true}
                  onClick={[Function]}
                  onResponderGrant={[Function]}
                  onResponderMove={[Function]}
                  onResponderRelease={[Function]}
                  onResponderTerminate={[Function]}
                  onResponderTerminationRequest={[Function]}
                  onStartShouldSetResponder={[Function]}
                  style={
                    {
                      "opacity": 1,
                    }
                  }
                  testID="star-0"
                >
                  <Image
                    source={
                      {
                        "testUri": "../../../src/assets/star.png",
                      }
                    }
                    style={
                      {
                        "height": 12,
                        "marginRight": 2,
                        "width": 12,
                      }
                    }
                  />
                </View>
                <View
                  accessibilityHint="Star"
                  accessibilityState={
                    {
                      "busy": undefined,
                      "checked": undefined,
                      "disabled": false,
                      "expanded": undefined,
                      "selected": undefined,
                    }
                  }
                  accessibilityValue={
                    {
                      "max": undefined,
                      "min": undefined,
                      "now": undefined,
                      "text": undefined,
                    }
                  }
                  accessible={true}
                  collapsable={false}
                  focusable={true}
                  onClick={[Function]}
                  onResponderGrant={[Function]}
                  onResponderMove={[Function]}
                  onResponderRelease={[Function]}
                  onResponderTerminate={[Function]}
                  onResponderTerminationRequest={[Function]}
                  onStartShouldSetResponder={[Function]}
                  style={
                    {
                      "opacity": 1,
                    }
                  }
                  testID="star-1"
                >
                  <Image
                    source={
                      {
                        "testUri": "../../../src/assets/star.png",
                      }
                    }
                    style={
                      {
                        "height": 12,
                        "marginRight": 2,
                        "width": 12,
                      }
                    }
                  />
                </View>
                <View
                  accessibilityHint="Star"
                  accessibilityState={
                    {
                      "busy": undefined,
                      "checked": undefined,
                      "disabled": false,
                      "expanded": undefined,
                      "selected": undefined,
                    }
                  }
                  accessibilityValue={
                    {
                      "max": undefined,
                      "min": undefined,
                      "now": undefined,
                      "text": undefined,
                    }
                  }
                  accessible={true}
                  collapsable={false}
                  focusable={true}
                  onClick={[Function]}
                  onResponderGrant={[Function]}
                  onResponderMove={[Function]}
                  onResponderRelease={[Function]}
                  onResponderTerminate={[Function]}
                  onResponderTerminationRequest={[Function]}
                  onStartShouldSetResponder={[Function]}
                  style={
                    {
                      "opacity": 1,
                    }
                  }
                  testID="star-2"
                >
                  <Image
                    source={
                      {
                        "testUri": "../../../src/assets/star.png",
                      }
                    }
                    style={
                      {
                        "height": 12,
                        "marginRight": 2,
                        "width": 12,
                      }
                    }
                  />
                </View>
                <View
                  accessibilityHint="Star"
                  accessibilityState={
                    {
                      "busy": undefined,
                      "checked": undefined,
                      "disabled": false,
                      "expanded": undefined,
                      "selected": undefined,
                    }
                  }
                  accessibilityValue={
                    {
                      "max": undefined,
                      "min": undefined,
                      "now": undefined,
                      "text": undefined,
                    }
                  }
                  accessible={true}
                  collapsable={false}
                  focusable={true}
                  onClick={[Function]}
                  onResponderGrant={[Function]}
                  onResponderMove={[Function]}
                  onResponderRelease={[Function]}
                  onResponderTerminate={[Function]}
                  onResponderTerminationRequest={[Function]}
                  onStartShouldSetResponder={[Function]}
                  style={
                    {
                      "opacity": 1,
                    }
                  }
                  testID="star-3"
                >
                  <Image
                    source={
                      {
                        "testUri": "../../../src/assets/star.png",
                      }
                    }
                    style={
                      {
                        "height": 12,
                        "marginRight": 2,
                        "width": 12,
                      }
                    }
                  />
                </View>
                <View
                  accessibilityHint="Star"
                  accessibilityState={
                    {
                      "busy": undefined,
                      "checked": undefined,
                      "disabled": false,
                      "expanded": undefined,
                      "selected": undefined,
                    }
                  }
                  accessibilityValue={
                    {
                      "max": undefined,
                      "min": undefined,
                      "now": undefined,
                      "text": undefined,
                    }
                  }
                  accessible={true}
                  collapsable={false}
                  focusable={true}
                  onClick={[Function]}
                  onResponderGrant={[Function]}
                  onResponderMove={[Function]}
                  onResponderRelease={[Function]}
                  onResponderTerminate={[Function]}
                  onResponderTerminationRequest={[Function]}
                  onStartShouldSetResponder={[Function]}
                  style={
                    {
                      "opacity": 1,
                    }
                  }
                  testID="star-4"
                >
                  <Image
                    source={
                      {
                        "testUri": "../../../src/assets/star.png",
                      }
                    }
                    style={
                      {
                        "height": 12,
                        "marginRight": 2,
                        "width": 12,
                      }
                    }
                  />
                </View>
              </View>
            </View>
            <Text
              style={
                {
                  "fontSize": 12,
                  "lineHeight": 19,
                }
              }
            >
              132m
            </Text>
          </View>
        </View>
      </View>
      <View
        onFocusCapture={[Function]}
        onLayout={[Function]}
        style={null}
      >
        <View
          accessibilityState={
            {
              "busy": undefined,
              "checked": undefined,
              "disabled": undefined,
              "expanded": undefined,
              "selected": undefined,
            }
          }
          accessibilityValue={
            {
              "max": undefined,
              "min": undefined,
              "now": undefined,
              "text": undefined,
            }
          }
          accessible={true}
          collapsable={false}
          focusable={true}
          onClick={[Function]}
          onResponderGrant={[Function]}
          onResponderMove={[Function]}
          onResponderRelease={[Function]}
          onResponderTerminate={[Function]}
          onResponderTerminationRequest={[Function]}
          onStartShouldSetResponder={[Function]}
          style={
            {
              "backgroundColor": "#f6f6f6",
              "borderRadius": 6,
              "elevation": 4,
              "flexDirection": "row",
              "marginHorizontal": 16,
              "marginVertical": 8,
              "opacity": 1,
              "shadowColor": "#000",
              "shadowOffset": {
                "height": 2,
                "width": 0,
              },
              "shadowOpacity": 0.23,
              "shadowRadius": 2.62,
            }
          }
          testID="Card"
        >
          <Image
            accessibilityLabel="salad"
            source={
              {
                "testUri": "../../../src/assets/produtores/salad.png",
              }
            }
            style={
              {
                "borderRadius": 6,
                "height": 48,
                "marginLeft": 16,
                "marginVertical": 16,
                "width": 48,
              }
            }
          />
          <View
            style={
              {
                "flex": 1,
                "flexDirection": "row",
                "justifyContent": "space-between",
                "marginLeft": 8,
                "marginRight": 16,
                "marginVertical": 16,
              }
            }
          >
            <View>
              <Text
                style={
                  {
                    "fontSize": 14,
                    "fontWeight": "bold",
                    "lineHeight": 22,
                  }
                }
              >
                salad
              </Text>
              <View
                style={
                  {
                    "flexDirection": "row",
                  }
                }
              >
                <View
                  accessibilityHint="Star"
                  accessibilityState={
                    {
                      "busy": undefined,
                      "checked": undefined,
                      "disabled": false,
                      "expanded": undefined,
                      "selected": undefined,
                    }
                  }
                  accessibilityValue={
                    {
                      "max": undefined,
                      "min": undefined,
                      "now": undefined,
                      "text": undefined,
                    }
                  }
                  accessible={true}
                  collapsable={false}
                  focusable={true}
                  onClick={[Function]}
                  onResponderGrant={[Function]}
                  onResponderMove={[Function]}
                  onResponderRelease={[Function]}
                  onResponderTerminate={[Function]}
                  onResponderTerminationRequest={[Function]}
                  onStartShouldSetResponder={[Function]}
                  style={
                    {
                      "opacity": 1,
                    }
                  }
                  testID="star-0"
                >
                  <Image
                    source={
                      {
                        "testUri": "../../../src/assets/star.png",
                      }
                    }
                    style={
                      {
                        "height": 12,
                        "marginRight": 2,
                        "width": 12,
                      }
                    }
                  />
                </View>
                <View
                  accessibilityHint="Star"
                  accessibilityState={
                    {
                      "busy": undefined,
                      "checked": undefined,
                      "disabled": false,
                      "expanded": undefined,
                      "selected": undefined,
                    }
                  }
                  accessibilityValue={
                    {
                      "max": undefined,
                      "min": undefined,
                      "now": undefined,
                      "text": undefined,
                    }
                  }
                  accessible={true}
                  collapsable={false}
                  focusable={true}
                  onClick={[Function]}
                  onResponderGrant={[Function]}
                  onResponderMove={[Function]}
                  onResponderRelease={[Function]}
                  onResponderTerminate={[Function]}
                  onResponderTerminationRequest={[Function]}
                  onStartShouldSetResponder={[Function]}
                  style={
                    {
                      "opacity": 1,
                    }
                  }
                  testID="star-1"
                >
                  <Image
                    source={
                      {
                        "testUri": "../../../src/assets/starGrey.png",
                      }
                    }
                    style={
                      {
                        "height": 12,
                        "marginRight": 2,
                        "width": 12,
                      }
                    }
                  />
                </View>
                <View
                  accessibilityHint="Star"
                  accessibilityState={
                    {
                      "busy": undefined,
                      "checked": undefined,
                      "disabled": false,
                      "expanded": undefined,
                      "selected": undefined,
                    }
                  }
                  accessibilityValue={
                    {
                      "max": undefined,
                      "min": undefined,
                      "now": undefined,
                      "text": undefined,
                    }
                  }
                  accessible={true}
                  collapsable={false}
                  focusable={true}
                  onClick={[Function]}
                  onResponderGrant={[Function]}
                  onResponderMove={[Function]}
                  onResponderRelease={[Function]}
                  onResponderTerminate={[Function]}
                  onResponderTerminationRequest={[Function]}
                  onStartShouldSetResponder={[Function]}
                  style={
                    {
                      "opacity": 1,
                    }
                  }
                  testID="star-2"
                >
                  <Image
                    source={
                      {
                        "testUri": "../../../src/assets/starGrey.png",
                      }
                    }
                    style={
                      {
                        "height": 12,
                        "marginRight": 2,
                        "width": 12,
                      }
                    }
                  />
                </View>
                <View
                  accessibilityHint="Star"
                  accessibilityState={
                    {
                      "busy": undefined,
                      "checked": undefined,
                      "disabled": false,
                      "expanded": undefined,
                      "selected": undefined,
                    }
                  }
                  accessibilityValue={
                    {
                      "max": undefined,
                      "min": undefined,
                      "now": undefined,
                      "text": undefined,
                    }
                  }
                  accessible={true}
                  collapsable={false}
                  focusable={true}
                  onClick={[Function]}
                  onResponderGrant={[Function]}
                  onResponderMove={[Function]}
                  onResponderRelease={[Function]}
                  onResponderTerminate={[Function]}
                  onResponderTerminationRequest={[Function]}
                  onStartShouldSetResponder={[Function]}
                  style={
                    {
                      "opacity": 1,
                    }
                  }
                  testID="star-3"
                >
                  <Image
                    source={
                      {
                        "testUri": "../../../src/assets/starGrey.png",
                      }
                    }
                    style={
                      {
                        "height": 12,
                        "marginRight": 2,
                        "width": 12,
                      }
                    }
                  />
                </View>
                <View
                  accessibilityHint="Star"
                  accessibilityState={
                    {
                      "busy": undefined,
                      "checked": undefined,
                      "disabled": false,
                      "expanded": undefined,
                      "selected": undefined,
                    }
                  }
                  accessibilityValue={
                    {
                      "max": undefined,
                      "min": undefined,
                      "now": undefined,
                      "text": undefined,
                    }
                  }
                  accessible={true}
                  collapsable={false}
                  focusable={true}
                  onClick={[Function]}
                  onResponderGrant={[Function]}
                  onResponderMove={[Function]}
                  onResponderRelease={[Function]}
                  onResponderTerminate={[Function]}
                  onResponderTerminationRequest={[Function]}
                  onStartShouldSetResponder={[Function]}
                  style={
                    {
                      "opacity": 1,
                    }
                  }
                  testID="star-4"
                >
                  <Image
                    source={
                      {
                        "testUri": "../../../src/assets/starGrey.png",
                      }
                    }
                    style={
                      {
                        "height": 12,
                        "marginRight": 2,
                        "width": 12,
                      }
                    }
                  />
                </View>
              </View>
            </View>
            <Text
              style={
                {
                  "fontSize": 12,
                  "lineHeight": 19,
                }
              }
            >
              287m
            </Text>
          </View>
        </View>
      </View>
      <View
        onFocusCapture={[Function]}
        onLayout={[Function]}
        style={null}
      >
        <View
          accessibilityState={
            {
              "busy": undefined,
              "checked": undefined,
              "disabled": undefined,
              "expanded": undefined,
              "selected": undefined,
            }
          }
          accessibilityValue={
            {
              "max": undefined,
              "min": undefined,
              "now": undefined,
              "text": undefined,
            }
          }
          accessible={true}
          collapsable={false}
          focusable={true}
          onClick={[Function]}
          onResponderGrant={[Function]}
          onResponderMove={[Function]}
          onResponderRelease={[Function]}
          onResponderTerminate={[Function]}
          onResponderTerminationRequest={[Function]}
          onStartShouldSetResponder={[Function]}
          style={
            {
              "backgroundColor": "#f6f6f6",
              "borderRadius": 6,
              "elevation": 4,
              "flexDirection": "row",
              "marginHorizontal": 16,
              "marginVertical": 8,
              "opacity": 1,
              "shadowColor": "#000",
              "shadowOffset": {
                "height": 2,
                "width": 0,
              },
              "shadowOpacity": 0.23,
              "shadowRadius": 2.62,
            }
          }
          testID="Card"
        >
          <Image
            accessibilityLabel="Potager"
            source={
              {
                "testUri": "../../../src/assets/produtores/potager.png",
              }
            }
            style={
              {
                "borderRadius": 6,
                "height": 48,
                "marginLeft": 16,
                "marginVertical": 16,
                "width": 48,
              }
            }
          />
          <View
            style={
              {
                "flex": 1,
                "flexDirection": "row",
                "justifyContent": "space-between",
                "marginLeft": 8,
                "marginRight": 16,
                "marginVertical": 16,
              }
            }
          >
            <View>
              <Text
                style={
                  {
                    "fontSize": 14,
                    "fontWeight": "bold",
                    "lineHeight": 22,
                  }
                }
              >
                Potager
              </Text>
              <View
                style={
                  {
                    "flexDirection": "row",
                  }
                }
              >
                <View
                  accessibilityHint="Star"
                  accessibilityState={
                    {
                      "busy": undefined,
                      "checked": undefined,
                      "disabled": false,
                      "expanded": undefined,
                      "selected": undefined,
                    }
                  }
                  accessibilityValue={
                    {
                      "max": undefined,
                      "min": undefined,
                      "now": undefined,
                      "text": undefined,
                    }
                  }
                  accessible={true}
                  collapsable={false}
                  focusable={true}
                  onClick={[Function]}
                  onResponderGrant={[Function]}
                  onResponderMove={[Function]}
                  onResponderRelease={[Function]}
                  onResponderTerminate={[Function]}
                  onResponderTerminationRequest={[Function]}
                  onStartShouldSetResponder={[Function]}
                  style={
                    {
                      "opacity": 1,
                    }
                  }
                  testID="star-0"
                >
                  <Image
                    source={
                      {
                        "testUri": "../../../src/assets/star.png",
                      }
                    }
                    style={
                      {
                        "height": 12,
                        "marginRight": 2,
                        "width": 12,
                      }
                    }
                  />
                </View>
                <View
                  accessibilityHint="Star"
                  accessibilityState={
                    {
                      "busy": undefined,
                      "checked": undefined,
                      "disabled": false,
                      "expanded": undefined,
                      "selected": undefined,
                    }
                  }
                  accessibilityValue={
                    {
                      "max": undefined,
                      "min": undefined,
                      "now": undefined,
                      "text": undefined,
                    }
                  }
                  accessible={true}
                  collapsable={false}
                  focusable={true}
                  onClick={[Function]}
                  onResponderGrant={[Function]}
                  onResponderMove={[Function]}
                  onResponderRelease={[Function]}
                  onResponderTerminate={[Function]}
                  onResponderTerminationRequest={[Function]}
                  onStartShouldSetResponder={[Function]}
                  style={
                    {
                      "opacity": 1,
                    }
                  }
                  testID="star-1"
                >
                  <Image
                    source={
                      {
                        "testUri": "../../../src/assets/star.png",
                      }
                    }
                    style={
                      {
                        "height": 12,
                        "marginRight": 2,
                        "width": 12,
                      }
                    }
                  />
                </View>
                <View
                  accessibilityHint="Star"
                  accessibilityState={
                    {
                      "busy": undefined,
                      "checked": undefined,
                      "disabled": false,
                      "expanded": undefined,
                      "selected": undefined,
                    }
                  }
                  accessibilityValue={
                    {
                      "max": undefined,
                      "min": undefined,
                      "now": undefined,
                      "text": undefined,
                    }
                  }
                  accessible={true}
                  collapsable={false}
                  focusable={true}
                  onClick={[Function]}
                  onResponderGrant={[Function]}
                  onResponderMove={[Function]}
                  onResponderRelease={[Function]}
                  onResponderTerminate={[Function]}
                  onResponderTerminationRequest={[Function]}
                  onStartShouldSetResponder={[Function]}
                  style={
                    {
                      "opacity": 1,
                    }
                  }
                  testID="star-2"
                >
                  <Image
                    source={
                      {
                        "testUri": "../../../src/assets/star.png",
                      }
                    }
                    style={
                      {
                        "height": 12,
                        "marginRight": 2,
                        "width": 12,
                      }
                    }
                  />
                </View>
                <View
                  accessibilityHint="Star"
                  accessibilityState={
                    {
                      "busy": undefined,
                      "checked": undefined,
                      "disabled": false,
                      "expanded": undefined,
                      "selected": undefined,
                    }
                  }
                  accessibilityValue={
                    {
                      "max": undefined,
                      "min": undefined,
                      "now": undefined,
                      "text": undefined,
                    }
                  }
                  accessible={true}
                  collapsable={false}
                  focusable={true}
                  onClick={[Function]}
                  onResponderGrant={[Function]}
                  onResponderMove={[Function]}
                  onResponderRelease={[Function]}
                  onResponderTerminate={[Function]}
                  onResponderTerminationRequest={[Function]}
                  onStartShouldSetResponder={[Function]}
                  style={
                    {
                      "opacity": 1,
                    }
                  }
                  testID="star-3"
                >
                  <Image
                    source={
                      {
                        "testUri": "../../../src/assets/star.png",
                      }
                    }
                    style={
                      {
                        "height": 12,
                        "marginRight": 2,
                        "width": 12,
                      }
                    }
                  />
                </View>
                <View
                  accessibilityHint="Star"
                  accessibilityState={
                    {
                      "busy": undefined,
                      "checked": undefined,
                      "disabled": false,
                      "expanded": undefined,
                      "selected": undefined,
                    }
                  }
                  accessibilityValue={
                    {
                      "max": undefined,
                      "min": undefined,
                      "now": undefined,
                      "text": undefined,
                    }
                  }
                  accessible={true}
                  collapsable={false}
                  focusable={true}
                  onClick={[Function]}
                  onResponderGrant={[Function]}
                  onResponderMove={[Function]}
                  onResponderRelease={[Function]}
                  onResponderTerminate={[Function]}
                  onResponderTerminationRequest={[Function]}
                  onStartShouldSetResponder={[Function]}
                  style={
                    {
                      "opacity": 1,
                    }
                  }
                  testID="star-4"
                >
                  <Image
                    source={
                      {
                        "testUri": "../../../src/assets/star.png",
                      }
                    }
                    style={
                      {
                        "height": 12,
                        "marginRight": 2,
                        "width": 12,
                      }
                    }
                  />
                </View>
              </View>
            </View>
            <Text
              style={
                {
                  "fontSize": 12,
                  "lineHeight": 19,
                }
              }
            >
              409m
            </Text>
          </View>
        </View>
      </View>
    </View>
  </RCTScrollView>
</RCTSafeAreaView>
`;
